// Vitest Snapshot v1, https://vitest.dev/guide/snapshot.html

exports[`comando real copiado da documentação da GitHub REST API > normaliza para a mesma árvore de sempre (snapshot) 1`] = `
{
  "children": [
    {
      "auth": undefined,
      "body": undefined,
      "headers": [
        {
          "enabled": true,
          "name": "Accept",
          "value": "application/vnd.github+json",
        },
        {
          "enabled": true,
          "name": "Authorization",
          "value": "Bearer YOUR-TOKEN",
        },
        {
          "enabled": true,
          "name": "X-GitHub-Api-Version",
          "value": "2022-11-28",
        },
      ],
      "kind": "request",
      "method": "GET",
      "name": "GET api.github.com/repos/octocat/hello-world",
      "query": [],
      "url": "https://api.github.com/repos/octocat/hello-world",
    },
  ],
  "environments": [],
  "name": "cURL import",
  "notConverted": [],
}
`;
